---
source: crates/psychevo-cli/src/tui/tests/fixtures.rs
assertion_line: 612
expression: combined
---
fixture=active_visible_write_preamble
size=120x24

--- text ---
› Write the complete report.

Now I have all the data needed. Let me write the complete report.

◦ Changing files                                                                                                     0s















────────────────────────────────────────────────────────────────────────────────────────────────────────────────────────
› Ask pevo...

mock/model  high  ◦ 0s · Esc

--- styles ---
[dim]› [default]Write the complete report.
[default]
[default]Now I have all the data needed. Let me write the complete report.
[default]
[cyan]◦ [default]Changing files                                                                                                     [dim]0s[default]
[default]
[default]
[default]
[default]
[default]
[default]
[default]
[default]
[default]
[default]
[default]
[default]
[default]
[default]
[default]
[default]────────────────────────────────────────────────────────────────────────────────────────────────────────────────────────
[dim]›[default] [dim]Ask pevo...[default]
[default]
[default]mock/model  [magenta]high[default]  [cyan]◦[default] [dim]0s · [cyan]Esc[default]
