---
source: crates/psychevo-cli/src/tui/tests/fixtures.rs
assertion_line: 729
expression: combined
---
fixture=active_visible_write_preamble
size=120x24

--- text ---
› Write the complete report.

Now I have all the data needed. Let me write the complete report.

⠋ write
















────────────────────────────────────────────────────────────────────────────────────────────────────────────────────────
› Ask pevo...
mock/model  high  ⠋ 0s · Esc  ~/work · main

--- styles ---
[dim]› [default]Write the complete report.
[default]
[default]Now I have all the data needed. Let me write the complete report.
[default]
[cyan]⠋ [default]write
[default]
[default]
[default]
[default]
[default]
[default]
[default]
[default]
[default]
[default]
[default]
[default]
[default]
[default]
[default]
[default]
[default]────────────────────────────────────────────────────────────────────────────────────────────────────────────────────────
[dim]›[default] [dim]Ask pevo...[default]
[default]mock/model  [magenta]high[default]  [cyan]⠋[default] [dim]0s · [cyan]Esc[default]  [dim]~/work · main[default]
