---
source: crates/psychevo-cli/src/tui/tests/fixtures.rs
assertion_line: 667
expression: combined
---
fixture=active_reasoning_write
size=120x24

--- text ---
› Write the report after reasoning.

◦ Thinking                                                                                                           0s
  └ Let me compose the full report now. I have all the data. Let me write it out.

◦ Updating /tmp/hackernews-hot-05-39.md                                                                              0s















────────────────────────────────────────────────────────────────────────────────────────────────────────────────────────
› Ask pevo...
mock/model  high  • 0s · Esc  ~/work · main

--- styles ---
[dim]› [default]Write the report after reasoning.
[default]
[cyan]◦ [paper]Thinking[default]                                                                                                           [dim]0s[default]
[dim]  └ Let me compose the full report now. I have all the data. Let me write it out.[default]
[default]
[cyan]◦ [default]Updating /tmp/hackernews-hot-05-39.md                                                                              [dim]0s[default]
[default]
[default]
[default]
[default]
[default]
[default]
[default]
[default]
[default]
[default]
[default]
[default]
[default]
[default]
[default]
[default]────────────────────────────────────────────────────────────────────────────────────────────────────────────────────────
[dim]›[default] [dim]Ask pevo...[default]
[default]mock/model  [magenta]high[default]  [cyan]•[default] [dim]0s · [cyan]Esc[default]  [dim]~/work · main[default]
