---
source: crates/psychevo-cli/src/tui/tests/fixtures.rs
assertion_line: 732
expression: combined
---
fixture=active_write_after_visible_answer
size=120x24

--- text ---
› Write the report after collecting data.

• Thinking                                                                                                    ▸ details

⠋ write /tmp/hackernews-hot-05-15.md
















────────────────────────────────────────────────────────────────────────────────────────────────────────────────────────
› Ask pevo...
mock/model  high  ⠋ 0s · Esc  ~/work · main

--- styles ---
[dim]› [default]Write the report after collecting data.
[default]
[green]• [default]Thinking                                                                                                    [dim]▸ details[default]
[default]
[cyan]⠋ [default]write /tmp/hackernews-hot-05-15.md
[default]
[default]
[default]
[default]
[default]
[default]
[default]
[default]
[default]
[default]
[default]
[default]
[default]
[default]
[default]
[default]
[default]────────────────────────────────────────────────────────────────────────────────────────────────────────────────────────
[dim]›[default] [dim]Ask pevo...[default]
[default]mock/model  [magenta]high[default]  [cyan]⠋[default] [dim]0s · [cyan]Esc[default]  [dim]~/work · main[default]
