---
source: crates/psychevo-cli/src/tui/tests/fixtures.rs
assertion_line: 729
expression: combined
---
fixture=active_write_suppresses_failure_meta
size=120x18

--- text ---
• exec_command
  └ failed

Now let me write the full report:

⠼ write                                                                                                              2s









────────────────────────────────────────────────────────────────────────────────────────────────────────────────────────
› Ask pevo...
mock/model  high  ⠋ 0s · Esc  ~/work

--- styles ---
[red]• exec_command[default]
[dim]  └ [red]failed[default]
[default]
[default]Now let me write the full report:
[default]
[cyan]⠼ [default]write                                                                                                              [dim]2s[default]
[default]
[default]
[default]
[default]
[default]
[default]
[default]
[default]
[default]
[default]────────────────────────────────────────────────────────────────────────────────────────────────────────────────────────
[dim]›[default] [dim]Ask pevo...[default]
[default]mock/model  [magenta]high[default]  [cyan]⠋[default] [dim]0s · [cyan]Esc[default]  [dim]~/work[default]
