---
source: crates/psychevo-cli/src/tui.rs
expression: combined
---
fixture=completed_ledger_collapsed_tool_output
size=120x24

--- text ---
▌ Prompt                                                                      │▌ Session
▌ Summarize the TUI snapshot harness.                                         │session: 12345678
                                                                              │source: tui
▌ Thinking                                                                    │
▌ Check layout boundaries, style roles, and expandable evidence.              │▌ Context
                                                                              │workdir: /repo/psychevo
▌ Explored crates/psychevo-cli/src/tui.rs [+]                                 │branch: main
▌ 01: crates/psychevo-cli/src/tui.rs evidence row                             │model: mock/mock-model
▌ 02: crates/psychevo-cli/src/tui.rs evidence row                             │variant: high
▌ 03: crates/psychevo-cli/src/tui.rs evidence row                             │mode: build
▌ 04: crates/psychevo-cli/src/tui.rs evidence row                             │thinking: on
▌ ... 20 more lines                                                           │messages: 2
                                                                              │tools: 1
▌ The harness snapshots stable buffer text and style roles, then leaves real  │
terminal screenshots as diagnostics.                                          │▌ Modified Files
                                                                              │M crates/psychevo-cli/src/tui.rs
▌ Meta                                                                        │?? specs/210-pevo-tui/testing.md
▌ mode=build  mock/mock-model  tokens=177/64000 0.3%                          │
──────────────────────────────────────────────────────────────────────────────│▌ Footer
│ build                                                                       │local facts only
│ Ask pevo...                                                                 │
│                                                                             │
pevo  idle  build  mock/model  12345678  thinking=on  Ctrl+T                  │
Enter submit  Ctrl+J newline  Tab mode  Ctrl+B sidebar  /help                 │

--- styles ---
[cyan]▌ Prompt[default]                                                                      │[magenta]▌ Session[default]
[cyan]▌ [default]Summarize the TUI snapshot harness.                                         │session: 12345678
[default]                                                                              │source: tui
[dim]▌ Thinking[default]                                                                    │
[dim]▌ Check layout boundaries, style roles, and expandable evidence.[default]              │[cyan]▌ Context[default]
[default]                                                                              │workdir: /repo/psychevo
[cyan]▌ Explored crates/psychevo-cli/src/tui.rs [+][default]                                 │branch: main
[cyan]▌ [default]01: crates/psychevo-cli/src/tui.rs evidence row                             │model: mock/mock-model
[cyan]▌ [default]02: crates/psychevo-cli/src/tui.rs evidence row                             │variant: high
[cyan]▌ [default]03: crates/psychevo-cli/src/tui.rs evidence row                             │mode: build
[cyan]▌ [default]04: crates/psychevo-cli/src/tui.rs evidence row                             │thinking: on
[cyan]▌ [default]... 20 more lines                                                           │messages: 2
[default]                                                                              │tools: 1
[magenta]▌ [default]The harness snapshots stable buffer text and style roles, then leaves real  │
[default]terminal screenshots as diagnostics.                                          │[cyan]▌ Modified Files[default]
[default]                                                                              │M crates/psychevo-cli/src/tui.rs
[dim]▌ Meta[default]                                                                        │?? specs/210-pevo-tui/testing.md
[dim]▌ mode=build  mock/mock-model  tokens=177/64000 0.3%[default]                          │
[default]──────────────────────────────────────────────────────────────────────────────│[cyan]▌ Footer[default]
[cyan]│[default] build                                                                       │local facts only
[cyan]│[dim] Ask pevo...[default]                                                                 │
[cyan]│[default]                                                                             │
[magenta]pevo[default]  idle  build  mock/model  12345678  thinking=on  Ctrl+T                  │
[dim]Enter submit  Ctrl+J newline  Tab mode  Ctrl+B sidebar  /help                 [default]│
