---
source: crates/psychevo-cli/src/tui.rs
expression: combined
---
fixture=completed_ledger_collapsed_tool_output
size=120x24

--- text ---
▌ Prompt
▌ Summarize the TUI snapshot harness.

▌ Thinking
▌ Check layout boundaries, style roles, and expandable evidence.

▌ Explored crates/psychevo-cli/src/tui.rs [+]
▌ 01: crates/psychevo-cli/src/tui.rs evidence row
▌ 02: crates/psychevo-cli/src/tui.rs evidence row
▌ 03: crates/psychevo-cli/src/tui.rs evidence row
▌ 04: crates/psychevo-cli/src/tui.rs evidence row
▌ ... 20 more lines

▌ The harness snapshots stable buffer text and style roles, then leaves real terminal screenshots as diagnostics.

▌ Meta
▌ mode=default  mock/mock-model  tokens=177/64000 0.3%


────────────────────────────────────────────────────────────────────────────────────────────────────────────────────────
│ Ask pevo...
│
│
mock/model  high

--- styles ---
[cyan]▌ Prompt[default]
[cyan]▌ [default]Summarize the TUI snapshot harness.
[default]
[dim]▌ Thinking[default]
[dim]▌ Check layout boundaries, style roles, and expandable evidence.[default]
[default]
[cyan]▌ Explored crates/psychevo-cli/src/tui.rs [+][default]
[cyan]▌ [default]01: crates/psychevo-cli/src/tui.rs evidence row
[cyan]▌ [default]02: crates/psychevo-cli/src/tui.rs evidence row
[cyan]▌ [default]03: crates/psychevo-cli/src/tui.rs evidence row
[cyan]▌ [default]04: crates/psychevo-cli/src/tui.rs evidence row
[cyan]▌ [default]... 20 more lines
[default]
[magenta]▌ [default]The harness snapshots stable buffer text and style roles, then leaves real terminal screenshots as diagnostics.
[default]
[dim]▌ Meta[default]
[dim]▌ mode=default  mock/mock-model  tokens=177/64000 0.3%[default]
[default]
[default]
[default]────────────────────────────────────────────────────────────────────────────────────────────────────────────────────────
[cyan]│[dim] Ask pevo...[default]
[cyan]│[default]
[cyan]│[default]
[default]mock/model  [magenta]high[default]
