---
source: crates/psychevo-cli/src/tui/tests/fixtures.rs
assertion_line: 727
expression: combined
---
fixture=consecutive_tool_rows_flat
size=120x20

--- text ---
› Summarize several tool calls.

• Thinking
  └ I need to inspect files and run checks before answering.

• read crates/psychevo-cli/src/tui/render/transcript.rs
  └ read 240 lines
• exec_command cargo test -p psychevo-cli tui::tests
  └ ok
• write crates/psychevo-cli/src/tui/render/transcript.rs
  └ write normal
• exec_command cargo fmt
  └ ok

The tool evidence stays flat even when several tool rows arrive consecutively.


────────────────────────────────────────────────────────────────────────────────────────────────────────────────────────
› Ask pevo...
mock/model  high  ~/work · main

--- styles ---
[dim]› [default]Summarize several tool calls.
[default]
[green]• [default]Thinking
[dim]  └ I need to inspect files and run checks before answering.[default]
[default]
[green]• [default]read crates/psychevo-cli/src/tui/render/transcript.rs
[dim]  └ [default]read 240 lines
[green]• [default]exec_command cargo test -p psychevo-cli tui::tests
[dim]  └ [default]ok
[green]• [default]write crates/psychevo-cli/src/tui/render/transcript.rs
[dim]  └ [default]write normal
[green]• [default]exec_command cargo fmt
[dim]  └ [default]ok
[default]
[default]The tool evidence stays flat even when several tool rows arrive consecutively.
[default]
[default]
[default]────────────────────────────────────────────────────────────────────────────────────────────────────────────────────────
[dim]›[default] [dim]Ask pevo...[default]
[default]mock/model  [magenta]high[default]  [dim]~/work · main[default]
