---
source: crates/psychevo-cli/src/tui.rs
expression: combined
---
fixture=failure_tool_error_turn_meta
size=120x24

--- text ---
▌ Prompt
▌ Run a command that fails.

▌ Ran cargo test -p psychevo-cli
▌ exit_code=101
▌ compile error: fixture failure

▌ The run failed before producing a clean validation result.

▌ Meta
▌ mode=default  mock/mock-model  failures=1








────────────────────────────────────────────────────────────────────────────────────────────────────────────────────────
│ Ask pevo...
│
│
mock/model  high

--- styles ---
[cyan]▌ Prompt[default]
[cyan]▌ [default]Run a command that fails.
[default]
[red]▌ Ran cargo test -p psychevo-cli[default]
[red]▌ exit_code=101[default]
[red]▌ compile error: fixture failure[default]
[default]
[magenta]▌ [default]The run failed before producing a clean validation result.
[default]
[dim]▌ Meta[default]
[dim]▌ mode=default  mock/mock-model  failures=1[default]
[default]
[default]
[default]
[default]
[default]
[default]
[default]
[default]
[default]────────────────────────────────────────────────────────────────────────────────────────────────────────────────────────
[cyan]│[dim] Ask pevo...[default]
[cyan]│[default]
[cyan]│[default]
[default]mock/model  [magenta]high[default]
