---
source: crates/psychevo-cli/src/tui/tests/fixtures.rs
assertion_line: 732
expression: combined
---
fixture=file_completion_popup
size=120x24

--- text ---
















────────────────────────────────────────────────────────────────────────────────────────────────────────────────────────
  Directories
› src  dir
  Files
  src/main.rs  file
  crates/psychevo-cli/src/tui/mod.rs  file
› review @src
mock/model  high  ~/work · main

--- styles ---
[default]
[default]
[default]
[default]
[default]
[default]
[default]
[default]
[default]
[default]
[default]
[default]
[default]
[default]
[default]
[default]
[default]────────────────────────────────────────────────────────────────────────────────────────────────────────────────────────
[cyan]  [dim]Directories[default]
[cyan]› src[default]  [dim]dir[default]
[cyan]  [dim]Files[default]
[cyan]  src/main.rs[default]  [dim]file[default]
[cyan]  crates/psychevo-cli/src/tui/mod.rs[default]  [dim]file[default]
[dim]›[default] review @src
[default]mock/model  [magenta]high[default]  [dim]~/work · main[default]
