---
source: crates/psychevo-cli/src/tui/tests/fixtures.rs
expression: combined
---
fixture=long_command_folded_output
size=120x18

--- text ---
› Fetch comments from sqlite.

• Ran cd /home/kevin/Projects/feedgarden && sqlite3 feeds/.cache/hn.db "SELECT id || '|' || by || '|' |… ▸ 4 more lines
  └ 48070001||user1||cached comment text
    48070002||user2||cached comment text
    48070003||user3||cached comment text
    48070004||user4||cached comment text
    48070005||user5||cached comment text
    48070006||user6||cached comment text
    48070007||user7||cached comment text
    48070008||user8||cached comment text



────────────────────────────────────────────────────────────────────────────────────────────────────────────────────────
› Ask pevo...

mock/model  high  ~/work · main

--- styles ---
[dim]› [default]Fetch comments from sqlite.
[default]
[green]• [default]Ran cd /home/kevin/Projects/feedgarden && sqlite3 feeds/.cache/hn.db "SELECT id || '|' || by || '|' |… [dim]▸ 4 more lines[default]
[dim]  └ [default]48070001||user1||cached comment text
[dim]    [default]48070002||user2||cached comment text
[dim]    [default]48070003||user3||cached comment text
[dim]    [default]48070004||user4||cached comment text
[dim]    [default]48070005||user5||cached comment text
[dim]    [default]48070006||user6||cached comment text
[dim]    [default]48070007||user7||cached comment text
[dim]    [default]48070008||user8||cached comment text
[default]
[default]
[default]
[default]────────────────────────────────────────────────────────────────────────────────────────────────────────────────────────
[dim]›[default] [dim]Ask pevo...[default]
[default]
[default]mock/model  [magenta]high[default]  [dim]~/work · main[default]
