---
source: crates/psychevo-cli/src/tui/tests/fixtures.rs
assertion_line: 667
expression: combined
---
fixture=long_markdown_meta_bottom_scroll
size=100x18

--- text ---
│ 23 │ Topic 23 - mixed Markdown/CJK width validation row │ 123   │
│ 24 │ Topic 24 - mixed Markdown/CJK width validation row │ 124   │
│ 25 │ Topic 25 - mixed Markdown/CJK width validation row │ 125   │
│ 26 │ Topic 26 - mixed Markdown/CJK width validation row │ 126   │
│ 27 │ Topic 27 - mixed Markdown/CJK width validation row │ 127   │
│ 28 │ Topic 28 - mixed Markdown/CJK width validation row │ 128   │
│ 29 │ Topic 29 - mixed Markdown/CJK width validation row │ 129   │
│ 30 │ Topic 30 - mixed Markdown/CJK width validation row │ 130   │
│ 31 │ Topic 31 - mixed Markdown/CJK width validation row │ 131   │
│ 32 │ Topic 32 - mixed Markdown/CJK width validation row │ 132   │
└────┴────────────────────────────────────────────────────┴───────┘

LONG_MARKDOWN_BOTTOM_MARKER
▌ mock/mock-model low 7m05s 1 failure

────────────────────────────────────────────────────────────────────────────────────────────────────
› Ask pevo...
mock/model  high  ~/work · main

--- styles ---
[dim]│ [default]23[dim] │ [default]Topic 23 - mixed Markdown/CJK width validation row[dim] │ [default]123  [dim] │[default]
[dim]│ [default]24[dim] │ [default]Topic 24 - mixed Markdown/CJK width validation row[dim] │ [default]124  [dim] │[default]
[dim]│ [default]25[dim] │ [default]Topic 25 - mixed Markdown/CJK width validation row[dim] │ [default]125  [dim] │[default]
[dim]│ [default]26[dim] │ [default]Topic 26 - mixed Markdown/CJK width validation row[dim] │ [default]126  [dim] │[default]
[dim]│ [default]27[dim] │ [default]Topic 27 - mixed Markdown/CJK width validation row[dim] │ [default]127  [dim] │[default]
[dim]│ [default]28[dim] │ [default]Topic 28 - mixed Markdown/CJK width validation row[dim] │ [default]128  [dim] │[default]
[dim]│ [default]29[dim] │ [default]Topic 29 - mixed Markdown/CJK width validation row[dim] │ [default]129  [dim] │[default]
[dim]│ [default]30[dim] │ [default]Topic 30 - mixed Markdown/CJK width validation row[dim] │ [default]130  [dim] │[default]
[dim]│ [default]31[dim] │ [default]Topic 31 - mixed Markdown/CJK width validation row[dim] │ [default]131  [dim] │[default]
[dim]│ [default]32[dim] │ [default]Topic 32 - mixed Markdown/CJK width validation row[dim] │ [default]132  [dim] │[default]
[dim]└────┴────────────────────────────────────────────────────┴───────┘[default]
[default]
[default]LONG_MARKDOWN_BOTTOM_MARKER
[dim]▌ mock/mock-model low 7m05s 1 failure[default]
[default]
[default]────────────────────────────────────────────────────────────────────────────────────────────────────
[dim]›[default] [dim]Ask pevo...[default]
[default]mock/model  [magenta]high[default]  [dim]~/work · main[default]
