---
source: crates/psychevo-cli/src/tui/tests/fixtures.rs
assertion_line: 612
expression: combined
---
fixture=long_thinking_markdown_meta_bottom_scroll
size=100x18

--- text ---
› Restore a reasoning-only daily report.

• Thinking                                                                          ▸ 12 more lines
  └ Hacker News 日 报 已 生 成 完 成 ！ ✅

    **文 件 ： ** `feeds/2026-05-10/hackernews-hot-04-03.md`（ 25KB）

    ### 今 日  12 条 热 门 话 题 速 览 ：

    | # | 话 题  | 💬  |
    |---|------|-----|

▌ xiaomi-token-plan/mimo-v2.5-pro low 7m05s 1 failure

────────────────────────────────────────────────────────────────────────────────────────────────────
› Ask pevo...

mock/model  high

--- styles ---
[dim]› [default]Restore a reasoning-only daily report.
[default]
[paper]• Thinking[default]                                                                          [dim]▸ 12 more lines[default]
[dim]  └ Hacker News 日[default] [dim]报[default] [dim]已[default] [dim]生[default] [dim]成[default] [dim]完[default] [dim]成[default] [dim]！[default] [dim]✅[default]
[dim]    [default]
[dim]    **文[default] [dim]件[default] [dim]：[default] [dim]** `feeds/2026-05-10/hackernews-hot-04-03.md`（[default] [dim]25KB）[default]
[dim]    [default]
[dim]    ### 今[default] [dim]日[default] [dim] 12 条[default] [dim]热[default] [dim]门[default] [dim]话[default] [dim]题[default] [dim]速[default] [dim]览[default] [dim]：[default]
[dim]    [default]
[dim]    | # | 话[default] [dim]题[default] [dim] | 💬[default] [dim] |[default]
[dim]    |---|------|-----|[default]
[default]
[dim]▌ xiaomi-token-plan/mimo-v2.5-pro low 7m05s 1 failure[default]
[default]
[default]────────────────────────────────────────────────────────────────────────────────────────────────────
[dim]›[default] [dim]Ask pevo...[default]
[default]
[default]mock/model  [magenta]high[default]
