---
source: crates/psychevo-cli/src/tui/tests/fixtures.rs
assertion_line: 665
expression: combined
---
fixture=model_bottom_panel
size=120x24

--- text ---






────────────────────────────────────────────────────────────────────────────────────────────────────────────────────────

  Model   Models    Info
  Search
  Add provider  configure global OpenAI-compatible provider
  All providers  not fetched
  mock  not fetched
  › ● mock/mock-model  mock  context 128,000  output 16,000  reasoning  tools  multi-modal  structured  $1.500/$2.500…
  mock/other-model  mock  default high

  Enter choose model  Ctrl+R refresh metadata  Tab/Right info  Esc close  Type search






mock/mock-model  default  ~/work · main

--- styles ---
[default]
[default]
[default]
[default]
[default]
[default]
[default]────────────────────────────────────────────────────────────────────────────────────────────────────────────────────────
[default]
[default]  [cyan]Model[default]  [cyan] Models [default]   Info
[default]  [dim]Search [default]
[default]  [cyan]Add provider[dim]  configure global OpenAI-compatible provider[default]
[default]  [cyan]All providers[dim]  not fetched[default]
[default]  [cyan]mock[dim]  not fetched[default]
[default]  [cyan]› ● mock/mock-model  mock  context 128,000  output 16,000  reasoning  tools  multi-modal  structured  $1.500/$2.500…[default]
[default]  mock/other-model  mock  default high
[default]
[default]  [dim]Enter choose model  Ctrl+R refresh metadata  Tab/Right info  Esc close  Type search[default]
[default]
[default]
[default]
[default]
[default]
[default]
[default]mock/mock-model  [magenta]default[default]  [dim]~/work · main[default]
