---
source: crates/psychevo-cli/src/tui/tests.rs
expression: combined
---
fixture=model_bottom_panel
size=120x24

--- text ---






────────────────────────────────────────────────────────────────────────────────────────────────────────────────────────

  Select Model                                                                                                     esc
  Search
  All providers  not fetched
  mock  not fetched
  › ● mock/mock-model  mock
  mock/other-model  mock  default high

  Enter select  Esc close  Type search







mock/mock-model  default

--- styles ---
[default]
[default]
[default]
[default]
[default]
[default]
[default]────────────────────────────────────────────────────────────────────────────────────────────────────────────────────────
[default]
[default]  [default]Select Model[default]                                                                                                     [dim]esc[default]
[default]  [dim]Search [default]
[default]  [cyan]All providers[dim]  not fetched[default]
[default]  [cyan]mock[dim]  not fetched[default]
[default]  [default]› ● mock/mock-model  mock[default]
[default]  [default]mock/other-model  mock  default high[default]
[default]
[default]  [dim]Enter select  Esc close  Type search[default]
[default]
[default]
[default]
[default]
[default]
[default]
[default]
[default]mock/mock-model  [magenta]default[default]
