---
source: crates/psychevo-cli/src/tui.rs
assertion_line: 5997
expression: combined
---
fixture=narrow_idle_composer_without_sidebar
size=80x20

--- text ---
















────────────────────────────────────────────────────────────────────────────────
› Ask pevo...

mock/model  high

--- styles ---
[default]
[default]
[default]
[default]
[default]
[default]
[default]
[default]
[default]
[default]
[default]
[default]
[default]
[default]
[default]
[default]
[default]────────────────────────────────────────────────────────────────────────────────
[dim]›[default] [dim]Ask pevo...[default]
[default]
[default]mock/model  [magenta]high[default]
