---
source: crates/psychevo-cli/src/tui/tests/fixtures.rs
assertion_line: 667
expression: combined
---
fixture=rich_markdown_answer
size=120x24

--- text ---
› Render a markdown answer.

# Rendering pass

• Keep ledger rhythm
• Style inline code

╭─ code rust
│ fn render() {}
╰─

See crates/psychevo-cli/src/tui/render/transcript.rs:42.









────────────────────────────────────────────────────────────────────────────────────────────────────────────────────────
› Ask pevo...
mock/model  high  ~/work · main

--- styles ---
[dim]› [default]Render a markdown answer.
[default]
[default]# Rendering pass
[default]
[dim]• [default]Keep ledger rhythm
[dim]• [default]Style [cyan]inline code[default]
[default]
[dim]╭─ code rust[default]
[dim]│ [cyan]fn[default] render[dim]()[default] [dim]{}[default]
[dim]╰─[default]
[default]
[default]See [cyan]crates/psychevo-cli/src/tui/render/transcript.rs:42[default].
[default]
[default]
[default]
[default]
[default]
[default]
[default]
[default]
[default]
[default]────────────────────────────────────────────────────────────────────────────────────────────────────────────────────────
[dim]›[default] [dim]Ask pevo...[default]
[default]mock/model  [magenta]high[default]  [dim]~/work · main[default]
