---
source: crates/psychevo-cli/src/tui.rs
assertion_line: 5997
expression: combined
---
fixture=running_turn_with_visible_thinking
size=120x24

--- text ---
› Inspect the CLI rendering path.

▌ Thinking: Read the TUI renderer and identify stable evidence blocks.

• Explored crates/psychevo-cli/src/tui.rs
  └ running














────────────────────────────────────────────────────────────────────────────────────────────────────────────────────────
› Ask pevo...

mock/model  high

--- styles ---
[dim]› [default]Inspect the CLI rendering path.
[default]
[dim]▌ [paper]Thinking: [dim]Read the TUI renderer and identify stable evidence blocks.[default]
[default]
[green]• [default]Explored crates/psychevo-cli/src/tui.rs
[dim]  └ [default]running
[default]
[default]
[default]
[default]
[default]
[default]
[default]
[default]
[default]
[default]
[default]
[default]
[default]
[default]
[default]────────────────────────────────────────────────────────────────────────────────────────────────────────────────────────
[dim]›[default] [dim]Ask pevo...[default]
[default]
[default]mock/model  [magenta]high[default]
