---
source: crates/psychevo-cli/src/tui/tests/fixtures.rs
assertion_line: 667
expression: combined
---
fixture=slash_menu_prefix_filtering
size=120x24

--- text ---



















────────────────────────────────────────────────────────────────────────────────────────────────────────────────────────
› /model  select/fetch model
  /mode  set <plan|default>
› /mo
mock/model  high  ~/work · main

--- styles ---
[default]
[default]
[default]
[default]
[default]
[default]
[default]
[default]
[default]
[default]
[default]
[default]
[default]
[default]
[default]
[default]
[default]
[default]
[default]
[default]────────────────────────────────────────────────────────────────────────────────────────────────────────────────────────
[cyan]› /model[default]  [dim]select/fetch model[default]
[cyan]  /mode[default]  [dim]set <plan|default>[default]
[dim]›[default] /mo
[default]mock/model  [magenta]high[default]  [dim]~/work · main[default]
