---
source: crates/psychevo-cli/src/tui/tests.rs
assertion_line: 2851
expression: combined
---
fixture=slash_menu_prefix_filtering
size=120x24

--- text ---
















────────────────────────────────────────────────────────────────────────────────────────────────────────────────────────
│ commands
│> /model  select model
│  /mode  set <plan|default>
│
› /mo

mock/model  high

--- styles ---
[default]
[default]
[default]
[default]
[default]
[default]
[default]
[default]
[default]
[default]
[default]
[default]
[default]
[default]
[default]
[default]
[default]────────────────────────────────────────────────────────────────────────────────────────────────────────────────────────
[default]│ commands
[default]│[cyan]> /model[dim]  select model[default]
[default]│[cyan]  /mode[dim]  set <plan|default>[default]
[default]│
[dim]›[default] /mo
[default]
[default]mock/model  [magenta]high[default]
