---
source: crates/psychevo-cli/src/tui.rs
assertion_line: 5402
expression: combined
---
fixture=variant_bottom_panel
size=120x24

--- text ---






────────────────────────────────────────────────────────────────────────────────────────────────────────────────────────

  Select Variant for mock/other-model                                                                              esc
  Use config default or persist an explicit variant override.
  Search
  › ◆ Config default  configured default: high
  none  suppress provider reasoning field
  minimal  smallest reasoning request
  low  lighter reasoning
  medium  balanced reasoning
  high  deeper reasoning
  xhigh  extra high reasoning
  max  maximum configured reasoning

  Enter select  Esc back  Type search


mock/mock-model  default

--- styles ---
[default]
[default]
[default]
[default]
[default]
[default]
[default]────────────────────────────────────────────────────────────────────────────────────────────────────────────────────────
[default]
[default]  [default]Select Variant for mock/other-model[default]                                                                              [dim]esc[default]
[default]  [dim]Use config default or persist an explicit variant override.[default]
[default]  [dim]Search [default]
[default]  [default]› ◆ Config default  configured default: high[default]
[default]  [default]none  suppress provider reasoning field[default]
[default]  [default]minimal  smallest reasoning request[default]
[default]  [default]low  lighter reasoning[default]
[default]  [default]medium  balanced reasoning[default]
[default]  [default]high  deeper reasoning[default]
[default]  [default]xhigh  extra high reasoning[default]
[default]  [default]max  maximum configured reasoning[default]
[default]
[default]  [dim]Enter select  Esc back  Type search[default]
[default]
[default]
[default]mock/mock-model  [magenta]default[default]
