---
source: crates/psychevo-cli/src/tui/tests/fixtures.rs
assertion_line: 667
expression: combined
---
fixture=wide_idle_minimal_chrome
size=120x24

--- text ---





















────────────────────────────────────────────────────────────────────────────────────────────────────────────────────────
› Ask pevo...
mock/model  high  ~/work · main

--- styles ---
[default]
[default]
[default]
[default]
[default]
[default]
[default]
[default]
[default]
[default]
[default]
[default]
[default]
[default]
[default]
[default]
[default]
[default]
[default]
[default]
[default]
[default]────────────────────────────────────────────────────────────────────────────────────────────────────────────────────────
[dim]›[default] [dim]Ask pevo...[default]
[default]mock/model  [magenta]high[default]  [dim]~/work · main[default]
