---
source: crates/psychevo-cli/src/tui.rs
expression: combined
---
fixture=wide_optional_sidebar
size=120x24

--- text ---
                                                                              Review sidebar polish
                                                                              session: 12345678

                                                                              Context
                                                                              workdir: /repo/psychevo
                                                                              branch: main
                                                                              messages: 2  tools: 1
                                                                              tokens: 12,000
                                                                              context: 18.8%

                                                                              Modified Files
                                                                              M crates/psychevo-cli/src/tui.rs
                                                                              ?? specs/210-pevo-tui/testing.md







──────────────────────────────────────────────────────────────────────────────
› Ask pevo...

mock/model  high

--- styles ---
[default]                                                                              Review sidebar polish
[default]                                                                              session: 12345678
[default]
[default]                                                                              Context
[default]                                                                              workdir: /repo/psychevo
[default]                                                                              branch: main
[default]                                                                              messages: 2  tools: 1
[default]                                                                              tokens: 12,000
[default]                                                                              context: 18.8%
[default]
[default]                                                                              Modified Files
[default]                                                                              M crates/psychevo-cli/src/tui.rs
[default]                                                                              ?? specs/210-pevo-tui/testing.md
[default]
[default]
[default]
[default]
[default]
[default]
[default]
[default]──────────────────────────────────────────────────────────────────────────────
[dim]›[default] [dim]Ask pevo...[default]
[default]
[default]mock/model  [magenta]high[default]
